../Drivers/STM32L5xx_HAL_Driver/Inc/stm32l5xx_ll_bus.h:433:22:LL_AHB2_GRP1_EnableClock	24	static
../Drivers/STM32L5xx_HAL_Driver/Inc/stm32l5xx_ll_bus.h:914:22:LL_APB1_GRP2_EnableClock	24	static
../Core/Src/main.c:113:5:main	8	static
../Core/Src/main.c:212:6:SystemClock_Config	104	static
../Core/Src/main.c:275:6:PeriphCommonClock_Config	160	static
../Core/Src/main.c:302:13:MX_ADC1_Init	48	static
../Core/Src/main.c:369:13:MX_CRC_Init	8	static
../Core/Src/main.c:400:13:MX_I2C1_Init	8	static
../Core/Src/main.c:448:13:MX_ICACHE_Init	8	static
../Core/Src/main.c:480:13:MX_LPUART1_UART_Init	8	static
../Core/Src/main.c:528:13:MX_USART1_UART_Init	8	static
../Core/Src/main.c:576:13:MX_OCTOSPI1_Init	8	static
../Core/Src/main.c:617:13:MX_SAI1_Init	8	static
../Core/Src/main.c:669:13:MX_SPI1_Init	8	static
../Core/Src/main.c:709:13:MX_TIM4_Init	40	static
../Core/Src/main.c:755:13:MX_TIM16_Init	8	static
../Core/Src/main.c:787:13:MX_TIM17_Init	88	static
../Core/Src/main.c:850:13:MX_UCPD1_Init	32	static
../Core/Src/main.c:892:13:MX_USB_PCD_Init	8	static
../Core/Src/main.c:921:13:MX_FMC_Init	40	static
../Core/Src/main.c:982:13:MX_GPIO_Init	64	static
../Core/Src/main.c:1132:6:StartDefaultTask	16	static
../Core/Src/main.c:1151:6:HAL_TIM_PeriodElapsedCallback	16	static
../Core/Src/main.c:1168:6:Error_Handler	4	static,ignoring_inline_asm
