../Drivers/STM32L5xx_HAL_Driver/Inc/stm32l5xx_ll_bus.h:433:22:LL_AHB2_GRP1_EnableClock	24	static
../Drivers/STM32L5xx_HAL_Driver/Inc/stm32l5xx_ll_bus.h:914:22:LL_APB1_GRP2_EnableClock	24	static
../Core/Src/main.c:121:5:main	8	static
../Core/Src/main.c:222:6:SystemClock_Config	104	static
../Core/Src/main.c:285:6:PeriphCommonClock_Config	160	static
../Core/Src/main.c:312:13:MX_ADC1_Init	48	static
../Core/Src/main.c:379:13:MX_CRC_Init	8	static
../Core/Src/main.c:410:13:MX_I2C1_Init	8	static
../Core/Src/main.c:458:13:MX_ICACHE_Init	8	static
../Core/Src/main.c:490:13:MX_LPUART1_UART_Init	8	static
../Core/Src/main.c:538:13:MX_USART1_UART_Init	8	static
../Core/Src/main.c:586:13:MX_OCTOSPI1_Init	8	static
../Core/Src/main.c:627:13:MX_SAI1_Init	8	static
../Core/Src/main.c:679:13:MX_SPI1_Init	8	static
../Core/Src/main.c:719:13:MX_TIM4_Init	40	static
../Core/Src/main.c:765:13:MX_TIM16_Init	8	static
../Core/Src/main.c:797:13:MX_TIM17_Init	88	static
../Core/Src/main.c:860:13:MX_UCPD1_Init	32	static
../Core/Src/main.c:902:13:MX_USB_PCD_Init	8	static
../Core/Src/main.c:931:13:MX_FMC_Init	40	static
../Core/Src/main.c:992:13:MX_GPIO_Init	64	static
../Core/Src/main.c:1142:6:StartDefaultTask	16	static
../Core/Src/main.c:1162:6:StartVSyncTask	16	static
../Core/Src/main.c:1182:6:HAL_TIM_PeriodElapsedCallback	16	static
../Core/Src/main.c:1199:6:Error_Handler	4	static,ignoring_inline_asm
