../Drivers/BSP/Components/st7789v/st7789v.c:117:9:ST7789V_RegisterBusIO	24	static
../Drivers/BSP/Components/st7789v/st7789v.c:165:9:ST7789V_Init	48	static
../Drivers/BSP/Components/st7789v/st7789v.c:382:9:ST7789V_DeInit	16	static
../Drivers/BSP/Components/st7789v/st7789v.c:393:9:ST7789V_ReadID	24	static
../Drivers/BSP/Components/st7789v/st7789v.c:436:9:ST7789V_DisplayOn	24	static
../Drivers/BSP/Components/st7789v/st7789v.c:448:9:ST7789V_DisplayOff	24	static
../Drivers/BSP/Components/st7789v/st7789v.c:462:9:ST7789V_SetOrientation	24	static
../Drivers/BSP/Components/st7789v/st7789v.c:509:9:ST7789V_GetOrientation	16	static
../Drivers/BSP/Components/st7789v/st7789v.c:523:9:ST7789V_GetXSize	16	static
../Drivers/BSP/Components/st7789v/st7789v.c:537:9:ST7789V_GetYSize	16	static
../Drivers/BSP/Components/st7789v/st7789v.c:554:9:ST7789V_SetDisplayWindow	40	static
../Drivers/BSP/Components/st7789v/st7789v.c:602:16:ST7789V_ReadRegWrap	32	static
../Drivers/BSP/Components/st7789v/st7789v.c:617:16:ST7789V_WriteRegWrap	32	static
../Drivers/BSP/Components/st7789v/st7789v.c:631:16:ST7789V_SendDataWrap	32	static
../Drivers/BSP/Components/st7789v/st7789v.c:644:16:ST7789V_SendDataDMAWrap	32	static
../Drivers/BSP/Components/st7789v/st7789v.c:657:16:ST7789V_RecvDataWrap	32	static
../Drivers/BSP/Components/st7789v/st7789v.c:670:16:ST7789V_RecvDataDMAWrap	32	static
../Drivers/BSP/Components/st7789v/st7789v.c:682:16:ST7789V_Delay	24	static
